[    0.000000] Linux ersion 4.15.0-38-generic (buildd@lcy01-amd64-023) (gcc version 7.3.0 (Ubuntu 7.3.0-16ubuntu3)) #41-Ubuntu SMP Wed Oct 10 10:59:38 UTC 2018 (Ubuntu 4.15.0-38.41-generic 4.15.18)
[    0.000000] Command line: BOOT_IMAGE=/boot/vmlinuz-4.15.0-38-generic root=LABEL=cloudimg-rootfs ro console=tty1 console=ttyS0
[    0.000000] KERNEL supported cpus:
[    0.000000]   Intel GenuineIntel
[    0.000000]   AMD AuthenticAMD
[    0.000000]   Centaur CentaurHauls
[    0.000000] x86/fpu: Supporting XSAVE feature 0x001: 'x87 floating point registers'
[    0.000000] x86/fpu: Supporting XSAVE feature 0x002: 'SSE registers'
[    0.000000] x86/fpu: Supporting XSAVE feature 0x004: 'AVX registers'
[    0.000000] x86/fpu: xstate_offset[2]:  576, xstate_sizes[2]:  256
[    0.000000] x86/fpu: Enabled xstate features 0x7, context size is 832 bytes, using 'standard' format.
[    0.000000] e820: BIOS-provided physical RAM map:
[    0.000000] BIOS-e820: [mem 0x0000000000000000-0x000000000009fbff] usable
[    0.000000] BIOS-e820: [mem 0x000000000009fc00-0x000000000009ffff] reserved
[    0.000000] BIOS-e820: [mem 0x00000000000f0000-0x00000000000fffff] reserved
[    0.000000] BIOS-e820: [mem 0x0000000000100000-0x000000003ffeffff] usable
[    0.000000] BIOS-e820: [mem 0x000000003fff0000-0x000000003fffffff] ACPI data
[    0.000000] BIOS-e820: [mem 0x00000000fec00000-0x00000000fec00fff] reserved
[    0.000000] BIOS-e820: [mem 0x00000000fee000-0x00000000fee00fff] reserve
[    0.000000] BIOS-e820: [mem 0x00000000fffc0000-0x00000000ffffffff] reserved
[    0.000000] NX (Execute Disable) protection: active
[    0.000000] SMBIOS 2.5 present.
[    0.000000] DMI: innotek GmbH VirtualBox/VirtualBox, BIOS VirtualBox 12/01/2006
[    0.000000] Hypervisor detected: KVM
[    0.000000] e820: last_pfn = 0x3fff0 max_arch_pfn = 0x400000000
[    0.000000] MTRR: Disabled
[    0.000000] x86/PAT: MTRRs disabled, skipping PAT initialization too.
[    0.000000] CPU MTRRs all blank - virtualized system.
[    0.000000] x86/PAT: Configuration [0-7]: WB  WT  UC- UC  WB  WT  UC- UC  
[    0.000000] found SMP MP-table at [mem 0x0009fff0-0x0009ffff] mapped at [        (ptrval)]
[    0.000000] Scanning 1 areas for low memory corruption
[    0.000000] RAMDISK: [mem 0x35ae1000-0x36d67fff]
[    0.000000] ACPI: Early table checksum verification disabled
[    0.000000] ACPI: RSDP 0x00000000000E0000 000024 (v02 VBOX  )
[    0.000000] ACPI: XSDT 0x000000003FFF0030 00003C (v01 VBOX   VBOXXSDT 00000001 ASL  00000061)
[    0.000000] ACPI: FACP 0x000000003FFF00F0 0000F4 (v04 VBOX   VBOXFACP 00000001 ASL  00000061)
[    0.000000] ACPI: DSDT 0x000000003FFF0470 0021FF (v02 VBOX   VBOXBIOS 00000002 INTL 20180105)
[    0.000000] ACPI: FACS 0x000000003FFF0200 000040
[    0.000000] ACPI: FACS 0x000000003FFF0200 000040
[    0.000000] ACPI: APIC 0x000000003FFF0240 00005C (v02 VBOX   VBOXAPIC 00000001 ASL  00000061)
[    0.000000] ACPI: SSDT 0x000000003FFF02A0 0001CC (v01 VBOX   VBOXCPUT 00000002 INTL 20180105)
[    0.000000] No NUMA configuration found
[    0.000000] Faking a node at [mem 0x0000000000000000-0x000000003ffeffff]
[    0.000000] NODE_DATA(0) allocated [mem 0x3ffc5000-0x3ffeffff]
[    0.000000] kvm-clock: cpu 0, msr 0:3ff44001, primary cpu clock
[    0.000000] kvm-clock: Using msrs 4b564d01 and 4b564d00
[    0.000000] kvm-clock: using sched offset of 3210143587 cycles
[    0.000000] clocksource: kvm-clock: mask: 0xffffffffffffffff max_cycles: 0x1cd42e4dffb, max_idle_ns: 881590591483 ns
[    0.000000] Zone ranges:
[    0.000000]   DMA      [mem 0x0000000000001000-0x0000000000ffffff]
[    0.000000]   DMA32    [mem 0x0000000001000000-0x000000003ffeffff]
[    0.000000]   Normal   empty
[    0.000000]   Device   empty
[    0.000000] Movable zone start for each node
[    0.000000] Early memory node ranges
[    0.000000]   node   0: [mem 0x0000000000001000-0x000000000009efff]
[    0.000000]   node   0: [mem 0x0000000000100000-0x000000003ffeffff]
[    0.000000] Initmem setup node 0 [mem 0x0000000000001000-0x000000003ffeffff]
[    0.000000] Reserved but unavailable: 98 pages
[    0.000000] ACPI: PM-Timer IO Port: 0x4008
[    0.000000] IOAPIC[0]: apic_id 2, version 32, address 0xfec00000, GSI 0-23
[    0.000000] ACPI: INT_SRC_OVR (bus 0 bus_irq 0 global_irq 2 dfl dfl)
[    0.000000] ACPI: INT_SRC_OVR (bus 0 bus_irq 9 global_irq 9 low level)
[    0.000000] Using ACPI (MADT) for SMP configuration information
[    0.000000] smpboot: Allowing 2 CPUs, 0 hotplug CPUs
[    0.000000] PM: Registered nosave memory: [mem 0x00000000-0x00000fff]
[    0.000000] PM: Registered nosave memory: [mem 0x0009f000-0x0009ffff]
[    0.000000] PM: Registered nosave memory: [mem 0x000a0000-0x000effff]
[    0.000000] PM: Registered nosave memory: [mem 0x000f0000-0x000fffff]
[    0.000000] e820: [mem 0x40000000-0xfebfffff] available for PCI devices
[    0.000000] Booting paravirtualized kernel on KVM
[    0.000000] clocksource: refined-jiffies: mask: 0xffffffff max_cycles: 0xffffffff, max_idle_ns: 7645519600211568 ns
[    0.000000] random: get_random_bytes called from start_kernel+0x99/0x4fd with crng_init=0
[    0.000000] setup_percpu: NR_CPUS:8192 nr_cpumask_bits:2 nr_cpu_ids:2 nr_node_ids:1
[    0.000000] percpu: Embedded 46 pages/cpu @        (ptrval) s151552 r8192 d28672 u1048576
[    0.000000] PV qspinlock hash table entries: 256 (order: 0, 4096 bytes)
[    0.000000] Built 1 zonelists, mobility grouping on.  Total pages: 257913
[    0.000000] Policy zone: DMA32
[    0.000000] Kernel command line: BOOT_IMAGE=/boot/vmlinuz-4.15.0-38-generic root=LABEL=cloudimg-rootfs ro console=tty1 console=ttyS0
[    0.000000] Memory: 983612K/1048120K available (12300K kernel code, 2472K rwdata, 4248K rodata, 2408K init, 2416K bss, 64508K reserved, 0K cma-reserved)
[    0.000000] SLUB: HWalign=64, Order=0-3, MinObjects=0, CPUs=2, Nodes=1
[    0.000000] Kernel/User page tables isolation: enabled
[    0.000000] ftrace: allocating 39175 entries in 154 pages
[    0.004000] Hierarchical RCU implementation.
[    0.004000] 	RCU restricting CPUs from NR_CPUS=8192 to nr_cpu_ids=2.
[    0.004000] 	Tasks RCU enabled.
[    0.004000] RCU: Adjusting geometry for rcu_fanout_leaf=16, nr_cpu_ids=2
[    0.004000] NR_IRQS: 524544, nr_irqs: 440, preallocated irqs: 16
[    0.004000] Console: colour VGA+ 80x25
[    0.004000] console [tty1] enabled
[    0.004000] console [ttyS0] enabled
[    0.004000] ACPI: Core revision 20170831
[    0.004000] ACPI: 2 ACPI AML tables successfully acquired and loaded
[    0.004000] APIC: Switch to symmetric I/O mode setup
[    0.004000] x2apic enabled
[    0.004000] Switched APIC routing to physical x2apic.
[    0.004000] ..TIMER: vector=0x30 apic1=0 pin1=2 apic2=-1 pin2=-1
[    0.004000] tsc: Detected 2993.068 MHz processor
[    0.004010] Calibrating delay loop (skipped) preset value.. 5986.13 BogoMIPS (lpj=11972272)
[    0.005059] pid_max: default: 32768 minimum: 301
[    0.005668] Security Framework initialized
[    0.006219] Yama: becoming mindful.
[    0.006701] AppArmor: AppArmor initialized
[    0.007859] Dentry cache hash table entries: 131072 (order: 8, 1048576 bytes)
[    0.008050] Inode-cache hash table entries: 65536 (order: 7, 524288 bytes)
[    0.008883] Mount-cache hash table entries: 2048 (order: 2, 16384 bytes)
[    0.009685] Mountpoint-cache hash table entries: 2048 (order: 2, 16384 bytes)
[    0.012192] mce: CPU supports 0 MCE banks
[    0.012732] Last level iTLB entries: 4KB 1024, 2MB 1024, 4MB 1024
[    0.013538] Last level dTLB entries: 4KB 1024, 2MB 1024, 4MB 1024, 1GB 4
[    0.014344] Spectre V2 : Mitigation: Full generic retpoline
[    0.015140] Spectre V2 : Spectre v2 / SpectreRSB mitigation: Filling RSB on context switch
[    0.016002] Speculative Store Bypass: Vulnerable
[    0.016669] Freeing SMP alternatives memory: 36K
[    0.020000] smpboot: CPU0: Intel(R) Core(TM) i5-4430 CPU @ 3.00GHz (family: 0x6, model: 0x3c, stepping: 0x3)
[    0.020083] Performance Events: unsupported p6 CPU model 60 no PMU driver, software events only.
[    0.021201] Hierarchical SRCU implementation.
[    0.022321] NMI watchdog: Perf event create on CPU 0 failed with -2
[    0.024002] NMI watchdog: Perf NMI watchdog permanently disabled
[    0.024777] smp: Bringing up secondary CPUs ...
[    0.025486] x86: Booting SMP configuration:
[    0.026033] .... node  #0, CPUs:      #1
[    0.004000] kvm-clock: cpu 1, msr 0:3ff44041, secondary cpu clock
[    0.004000] mce: CPU supports 0 MCE banks
[    0.126794] smp: Brought up 1 node, 2 CPUs
[    0.128009] smpboot: Max logical packages: 1
[    0.128569] smpboot: Total of 2 processors activated (11972.27 BogoMIPS)
[    0.132149] devtmpfs: initialized
[    0.132512] x86/mm: Memory block size: 128MB
[    0.133192] evm: security.selinux
[    0.133648] evm: security.SMACK64
[    0.134159] evm: security.SMACK64EXEC
[    0.134712] evm: security.SMACK64TRANSMUTE
[    0.135248] evm: security.SMACK64MMAP
[    0.136003] evm: security.apparmor
[    0.136465] evm: security.ima
[    0.136879] evm: security.capability
[    0.137386] clocksource: jiffies: mask: 0xffffffff max_cycles: 0xffffffff, max_idle_ns: 7645041785100000 ns
[    0.137386] futex hash table entries: 512 (order: 3, 32768 bytes)
[    0.140054] pinctrl core: initialized pinctrl subsystem
[    0.140808] RTC time:  1:08:49, date: 11/18/18
[    0.141538] NET: Registered protocol family 16
[    0.142206] audit: initializing netlink subsys (disabled)
[    0.142902] audit: type=2000 audit(1542503333.313:1): state=initialized audit_enabled=0 res=1
[    0.144006] cpuidle: using governor ladder
[    0.144659] cpuidle: using governor menu
[    0.145314] ACPI: bus type PCI registered
[    0.145874] acpiphp: ACPI Hot Plug PCI Controller Driver version: 0.5
[    0.146776] PCI: Using configuration type 1 for base access
[    0.148897] HugeTLB registered 2.00 MiB page size, pre-allocated 0 pages
[    0.148897] ACPI: Added _OSI(Module Device)
[    0.148897] ACPI: Added _OSI(Processor Device)
[    0.149231] ACPI: Added _OSI(3.0 _SCP Extensions)
[    0.152007] ACPI: Added _OSI(Processor Aggregator Device)
[    0.152708] ACPI: Added _OSI(Linux-Dell-Video)
[    0.153290] ACPI: Added _OSI(Linux-Lenovo-NV-HDMI-Audio)
[    0.154177] ACPI: Executed 1 blocks of module-level executable AML code
[    0.158932] ACPI: Interpreter enabled
[    0.159550] ACPI: (supports S0 S5)
[    0.160007] ACPI: Using IOAPIC for interrupt routing
[    0.164263] PCI: Using host bridge windows from ACPI; if necessary, use "pci=nocrs" and report a bug
[    0.168173] ACPI: Enabled 2 GPEs in block 00 to 07
[    0.174990] ACPI: PCI Root Bridge [PCI0] (domain 0000 [bus 00-ff])
[    0.176015] acpi PNP0A03:00: _OSC: OS supports [ASPM ClockPM Segments MSI]
[    0.180034] acpi PNP0A03:00: _OSC: not requesting OS control; OS requires [ExtendedConfig ASPM ClockPM MSI]
[    0.184013] acpi PNP0A03:00: fail to add MMCONFIG information, can't access extended PCI configuration space under this bridge.
[    0.188301] PCI host bridge to bus 0000:00
[    0.188850] pci_bus 0000:00: root bus resource [io  0x0000-0x0cf7 window]
[    0.189720] pci_bus 0000:00: root bus resource [io  0x0d00-0xffff window]
[    0.190569] pci_bus 0000:00: root bus resource [mem 0x000a0000-0x000bffff window]
[    0.192004] pci_bus 0000:00: root bus resource [mem 0x40000000-0xfdffffff window]
[    0.192934] pci_bus 0000:00: root bus resource [bus 00-ff]
[    0.195048] pci 0000:00:01.1: legacy IDE quirk: reg 0x10: [io  0x01f0-0x01f7]
[    0.196003] pci 0000:00:01.1: legacy IDE quirk: reg 0x14: [io  0x03f6]
[    0.200002] pci 0000:00:01.1: legacy IDE quirk: reg 0x18: [io  0x0170-0x0177]
[    0.200846] pci 0000:00:01.1: legacy IDE quirk: reg 0x1c: [io  0x0376]
[    0.215073] pci 0000:00:07.0: quirk: [io  0x4000-0x403f] claimed by PIIX4 ACPI
[    0.216017] pci 0000:00:07.0: quirk: [io  0x4100-0x410f] claimed by PIIX4 SMB
[    0.227032] ACPI: PCI Interrupt Link [LNKA] (IRQs 5 9 10 *11)
[    0.228322] ACPI: PCI Interrupt Link [LNKB] (IRQs 5 9 *10 11)
[    0.232094] ACPI: PCI Interrupt Link [LNKC] (IRQs 5 *9 10 11)
[    0.232927] ACPI: PCI Interrupt Link [LNKD] (IRQs 5 9 10 *11)
[    0.234019] SCSI subsystem initialized
[    0.234568] pci 0000:00:02.0: vgaarb: setting as boot VGA device
[    0.234568] pci 0000:00:02.0: vgaarb: VGA device added: decodes=io+mem,owns=io+mem,locks=none
[    0.236013] pci 0000:00:02.0: vgaarb: bridge control possible
[    0.236737] vgaarb: loaded
[    0.237134] ACPI: bus type USB registered
[    0.237667] usbcore: registered new interface driver usbfs
[    0.238398] usbcore: registered new interface driver hub
[    0.239100] usbcore: registered new device driver usb
[    0.240048] EDAC MC: Ver: 3.0.0
[    0.240622] PCI: Using ACPI for IRQ routing
[    0.240793] NetLabel: Initializing
[    0.241272] NetLabel:  domain hash size = 128
[    0.241873] NetLabel:  protocols = UNLABELED CIPSOv4 CALIPSO
[    0.242603] NetLabel:  unlabeled traffic allowed by default
[    0.244105] clocksource: Switched to clocksource kvm-clock
[    0.252005] VFS: Disk quotas dquot_6.6.0
[    0.254859] VFS: Dquot-cache hash table entries: 512 (order 0, 4096 bytes)
[    0.255780] AppArmor: AppArmor Filesystem Enabled
[    0.256453] pnp: PnP ACPI init
[    0.257679] pnp: PnP ACPI: found 3 devices
[    0.266367] clocksource: acpi_pm: mask: 0xffffff max_cycles: 0xffffff, max_idle_ns: 2085701024 ns
[    0.267529] NET: Registered protocol family 2
[    0.268740] TCP established hash table entries: 8192 (order: 4, 65536 bytes)
[    0.269682] TCP bind hash table entries: 8192 (order: 5, 131072 bytes)
[    0.270519] TCP: Hash tables configured (established 8192 bind 8192)
[    0.271304] UDP hash table entries: 512 (order: 2, 16384 bytes)
[    0.272113] UDP-Lite hash table entries: 512 (order: 2, 16384 bytes)
[    0.272901] NET: Registered protocol family 1
[    0.273513] pci 0000:00:00.0: Limiting direct PCI/PCI transfers
[    0.274246] pci 0000:00:01.0: Activating ISA DMA hang workarounds
[    0.275042] pci 0000:00:02.0: Video device with shadowed ROM at [mem 0x000c0000-0x000dffff]
[    0.276146] Unpacking initramfs...
[    0.515931] Freeing initrd memory: 18972K
[    0.578375] platform rtc_cmos: registered platform RTC device (no PNP device found)
[    0.628390] Scanning for low memory corruption every 60 seconds
[    0.633649] Initialise system trusted keyrings
[    0.634291] Key type blacklist registered
[    0.634976] workingset: timestamp_bits=36 max_order=18 bucket_order=0
[    0.636671] zbud: loaded
[    0.637429] squashfs: version 4.0 (2009/01/31) Phillip Lougher
[    0.638354] fuse init (API version 7.26)
[    0.666614] Key type asymmetric registered
[    0.667208] Asymmetric key parser 'x509' registered
[    0.667871] Block layer SCSI generic (bsg) driver version 0.4 loaded (major 246)
[    0.668946] io scheduler noop registered
[    0.669548] io scheduler deadline registered
[    0.670170] io scheduler cfq registered (default)
[    0.671119] ACPI: AC Adapter [AC] (on-line)
[    0.671805] input: Power Button as /devices/LNXSYSTM:00/LNXPWRBN:00/input/input0
[    0.672868] ACPI: Power Button [PWRF]
[    0.673420] input: Sleep Button as /devices/LNXSYSTM:00/LNXSLPBN:00/input/input1
[    0.674373] ACPI: Sleep Button [SLPF]
[    0.675209] Serial: 8250/16550 driver, 32 ports, IRQ sharing enabled
[    0.697831] 00:02: ttyS0 at I/O 0x3f8 (irq = 4, base_baud = 115200) is a 16550A
[    0.759469] Linux agpgart interface v0.103
[    0.767196] loop: module loaded
[    0.769641] scsi host0: ata_piix
[    0.770281] scsi host1: ata_piix
[    0.770812] ata1: PATA max UDMA/33 cmd 0x1f0 ctl 0x3f6 bmdma 0xd000 irq 14
[    0.771713] ata2: PATA max UDMA/33 cmd 0x170 ctl 0x376 bmdma 0xd008 irq 15
[    0.778343] libphy: Fixed MDIO Bus: probed
[    0.800353] tun: Universal TUN/TAP device driver, 1.6
[    0.824635] PPP generic driver version 2.4.2
[    0.825321] ehci_hcd: USB 2.0 'Enhanced' Host Controller (EHCI) Driver
[    0.826125] ehci-pci: EHCI PCI platform driver
[    0.826851] ehci-platform: EHCI generic platform driver
[    0.827527] ohci_hcd: USB 1.1 'Open' Host Controller (OHCI) Driver
[    0.828366] ohci-pci: OHCI PCI platform driver
[    0.828983] ohci-platform: OHCI generic platform driver
[    0.829666] uhci_hcd: USB Universal Host Controller Interface driver
[    0.830518] i8042: PNP: PS/2 Controller [PNP0303:PS2K,PNP0f03:PS2M] at 0x60,0x64 irq 1,12
[    0.831949] serio: i8042 KBD port at 0x60,0x64 irq 1
[    0.832694] serio: i8042 AUX port at 0x60,0x64 irq 12
[    0.833576] mousedev: PS/2 mouse device common for all mice
[    0.834886] input: AT Translated Set 2 keyboard as /devices/platform/i8042/serio0/input/input2
[    0.836174] rtc_cmos rtc_cmos: rtc core: registered rtc_cmos as rtc0
[    0.837019] rtc_cmos rtc_cmos: alarms up to one day, 114 bytes nvram
[    0.837798] i2c /dev entries driver
[    0.838289] pcie_mp2_amd: AMD(R) PCI-E MP2 Communication Driver Version: 1.0
[    0.839213] device-mapper: uevent: version 1.0.3
[    0.839895] device-mapper: ioctl: 4.37.0-ioctl (2017-09-20) initialised: dm-devel@redhat.com
[    0.841052] ledtrig-cpu: registered to indicate activity on CPUs
[    0.842346] NET: Registered protocol family 10
[    0.846111] Segment Routing with IPv6
[    0.846680] NET: Registered protocol family 17
[    0.847366] Key type dns_resolver registered
[    0.848231] RAS: Correctable Errors collector initialized.
[    0.848934] sched_clock: Marking stable (848191756, 0)->(1972100449, -1123908693)
[    0.850346] registered taskstats version 1
[    0.850954] Loading compiled-in X.509 certificates
[    0.853803] Loaded X.509 cert 'Build time autogenerated kernel key: f3a9ae7fdf18cf897e7c53db8499a9c1252f0be9'
[    0.855154] zswap: loaded using pool lzo/zbud
[    0.858774] Key type big_key registered
[    0.859352] Key type trusted registered
[    0.861353] Key type encrypted registered
[    0.861955] AppArmor: AppArmor sha1 policy hashing enabled
[    0.862760] ima: No TPM chip found, activating TPM-bypass! (rc=-19)
[    0.865094] ima: Allocated hash algorithm: sha1
[    0.866591] evm: HMAC attrs: 0x1
[    0.867395]   Magic number: 10:550:104
[    0.868185] rtc_cmos rtc_cmos: setting system clock to 2018-11-18 01:08:50 UTC (1542503330)
[    0.869586] BIOS EDD facility v0.16 2004-Jun-25, 0 devices found
[    0.870522] EDD information not available.
[    0.938660] Freeing unused kernel memory: 2408K
[    0.988031] Write protecting the kernel read-only data: 20480k
[    1.037016] Freeing unused kernel memory: 2008K
[    1.040977] Freeing unused kernel memory: 1896K
[    1.050074] x86/mm: Checked W+X mappings: passed, no W+X pages found.
[    1.698390] x86/mm: Checking user space page tables
[    2.222978] tsc: Refined TSC clocksource calibration: 2992.232 MHz
[    2.228818] clocksource: tsc: mask: 0xffffffffffffffff max_cycles: 0x2b219b19511, max_idle_ns: 440795303987 ns
Loading, please [    2.233802] x86/mm: Checked W+X mappings: passed, no W+X pages found.
wait...
starting version 237
[    2.348056] e1000: Intel(R) PRO/1000 Network Driver - version 7.3.21-k8-NAPI
[    2.465876] e1000: Copyright (c) 1999-2006 Intel Corporation.
[    2.546853] AVX2 version of gcm_enc/dec engaged.
[    2.547392] Fusion MPT base driver 3.04.20
[    2.547392] Copyright (c) 1999-2008 LSI Corporation
[    2.558240] AES CTR mode by8 optimization enabled
[    2.561716] Fusion MPT SPI Host driver 3.04.20
[    2.751046] input: ImExPS/2 Generic Explorer Mouse as /devices/platform/i8042/serio1/input/input4
[    2.910423] e1000 0000:00:03.0 eth0: (PCI:33MHz:32-bit) 02:c4:4c:50:3a:be
[    3.018837] e1000 0000:00:03.0 eth0: Intel(R) PRO/1000 Network Connection
[    3.390837] e1000 0000:00:08.0 eth1: (PCI:33MHz:32-bit) 08:00:27:b9:ed:68
[    3.458589] e1000 0000:00:08.0 eth1: Intel(R) PRO/1000 Network Connection
[    3.460531] e1000 0000:00:08.0 enp0s8: renamed from eth1
[    3.468041] mptbase: ioc0: Initiating bringup
[    3.489266] e1000 0000:00:03.0 enp0s3: renamed from eth0
[    3.729391] ioc0: LSI53C1030 A0: Capabilities={Initiator}
[    5.211005] scsi host2: ioc0: LSI53C1030 A0, FwRev=00000000h, Ports=1, MaxQ=256, IRQ=20
[    6.617216] scsi 2:0:0:0: Direct-Access     VBOX     HARDDISK         1.0  PQ: 0 ANSI: 5
[    6.680089] scsi target2:0:0: Beginning Domain Validation
[    6.720027] scsi target2:0:0: Domain Validation skipping write tests
[    6.720878] scsi target2:0:0: Ending Domain Validation
[    6.721610] scsi target2:0:0: asynchronous
[    6.722707] scsi 2:0:1:0: Direct-Access     VBOX     HARDDISK         1.0  PQ: 0 ANSI: 5
[    6.752120] scsi target2:0:1: Beginning Domain Validation
[    7.059540] random: fast init done
[    7.059551] scsi target2:0:1: Domain Validation skipping write tests
[    7.059553] scsi target2:0:1: Ending Domain Validation
[    7.338430] scsi target2:0:1: asynchronous
[    7.346196] random: systemd-udevd: uninitialized urandom read (16 bytes read)
[    7.347209] random: systemd-udevd: uninitialized urandom read (16 bytes read)
[    7.348168] random: systemd-udevd: uninitialized urandom read (16 bytes read)
[    7.349547] sd 2:0:0:0: Attached scsi generic sg0 type 0
[    7.349553] sd 2:0:0:0: [sda] 20971520 512-byte logical blocks: (10.7 GB/10.0 GiB)
[    7.349586] sd 2:0:0:0: [sda] Write Protect is off
[    7.349647] sd 2:0:0:0: [sda] Incomplete mode parameter data
[    7.349648] sd 2:0:0:0: [sda] Assuming drive cache: write through
[    7.350182]  sda: sda1
[    7.350575] sd 2:0:0:0: [sda] Attached SCSI disk
[    7.468823] sd 2:0:1:0: Attached scsi generic sg1 type 0
[    7.598487] sd 2:0:1:0: [sdb] 20480 512-byte logical blocks: (10.5 MB/10.0 MiB)
[    7.600252] sd 2:0:1:0: [sdb] Write Protect is off
[    7.601101] sd 2:0:1:0: [sdb] Incomplete mode parameter data
[    7.601927] sd 2:0:1:0: [sdb] Assuming drive cache: write through
[    7.604458] sd 2:0:1:0: [sdb] Attached SCSI disk
Begin: Loading essential drivers ... [    9.192071] raid6: sse2x1   gen()  9290 MB/s
[    9.264048] raid6: sse2x1   xor()  7092 MB/s
[    9.344047] raid6: sse2x2   gen() 12473 MB/s
[    9.416033] raid6: sse2x2   xor()  7840 MB/s
[    9.468009] raid6: sse2x4   gen() 14574 MB/s
[    9.524039] raid6: sse2x4   xor()  8999 MB/s
[    9.588387] raid6: avx2x1   gen() 19546 MB/s
[    9.652060] raid6: avx2x1   xor() 13502 MB/s
[    9.724058] raid6: avx2x2   gen() 22472 MB/s
[    9.816464] raid6: avx2x2   xor() 13208 MB/s
[    9.864057] raid6: avx2x4   gen() 25194 MB/s
[    9.916368] raid6: avx2x4   xor() 16514 MB/s
[    9.917603] raid6: using algorithm avx2x4 gen() 25194 MB/s
[    9.919114] raid6: .... xor() 16514 MB/s, rmw enabled
[    9.920526] raid6: using avx2x2 recovery algorithm
[    9.923290] xor: automatically using best checksumming function   avx       
[    9.978532] async_tx: api initialized (async)
done.
Begin: Running /scripts/init-premount ... done.
Begin: Mounting root file system ... Begin: Running /scripts/local-top ... done.
Beg[   10.042321] Btrfs loaded, crc32c=crc32c-intel
in: Running /scripts/local-premount ... Scanning for Btrfs files[   10.104020] EXT4-fs (sda1): mounted filesystem with ordered data mode. Opts: (null)
ystems
done.
Warning: fsck not present, so skipping root file system
done.
Begin: Running /scripts/local-bottom ... done.
Begin: Running /scripts/init-bottom ... done.
[   10.295431] ip_tables: (C) 2000-2006 Netfilter Core Team
[   10.315431] systemd[1]: systemd 237 running in system mode. (+PAM +AUDIT +SELINUX +IMA +APPARMOR +SMACK +SYSVINIT +UTMP +LIBCRYPTSETUP +GCRYPT +GNUTLS +ACL +XZ +LZ4 +SECCOMP +BLKID +ELFUTILS +KMOD -IDN2 +IDN -PCRE2 default-hierarchy=hybrid)
[   11.689126] systemd[1]: Detected virtualization oracle.
[   11.689827] systemd[1]: Detected architecture x86-64.

Welcome to [1mUbuntu 18.04.1 LTS[0m!

[   11.759554] systemd[1]: Set hostname to <ubuntu>.
[   11.762887] systemd[1]: Initializing machine ID from random generator.
[   11.764307] systemd[1]: Installed transient /etc/machine-id file.
[   11.993844] systemd[1]: Reached target User and Group Name Lookups.
[[0;32m  OK  [0m] Reached target User and Group Name Lookups.
[   12.689073] systemd[1]: Set up automount Arbitrary Executable File Formats File System Automount Point.
[[0;32m  OK  [0m] Set up automount Arbitrary Executabâ€¦rmats File System Automount Point.
[   14.308413] systemd[1]: Started Forward Password Requests to Wall Directory Watch.
[[0;32m  OK  [0m] Started Forward Password Requests to Wall Directory Watch.
[   14.892281] systemd[1]: Reached target Swap.
[[0;32m  OK  [0m] Reached target Swap.
[[0;32m  OK  [0m] Reached target System Time Synchronized.
[[0;32m  OK  [0m] Created slice User and Session Slice.
[[0;32m  OK  [0m] Created slice System Slice.
[[0;32m  OK  [0m] Listening on Journal Socket (/dev/log).
[[0;32m  OK  [0m] Created slice system-serial\x2dgetty.slice.
[[0;32m  OK  [0m] Reached target Slices.
[[0;32m  OK  [0m] Listening on udev Control Socket.
[[0;32m  OK  [0m] Listening on udev Kernel Socket.
[[0;32m  OK  [0m] Listening on Device-mapper event daemon FIFOs.
[[0;32m  OK  [0m] Listening on /dev/initctl Compatibility Named Pipe.
[[0;32m  OK  [0m] Listening on Network Service Netlink Socket.
[[0;32m  OK  [0m] Listening on Syslog Socket.
[[0;32m  OK  [0m] Listening on Journal Audit Socket.
[[0;32m  OK  [0m] Listening on Journal Socket.
         Starting Load Kernel Modules...
         Startin[   15.149364] Loading iSCSI transport class v2.0-870.
g Remount Root and Kernel File Systems...
         Mounting Kernel Debug F[   15.294711] iscsi: registered transport (tcp)
ile System...
[   15.397057] systemd[1]: Mounting Huge Pages File System...
         Mounting Huge Pages File System...
[   15.438823] systemd[1]: Mounting POSIX Message Queue File System...
[   15.617809] iscsi: registered transport (iser)
         Mounting POSIX Message Queue File System...
[   15.632250] systemd[1]: Listening on LVM2 metadata daemon socket.
[[0;32m  OK  [0m] Listening on LVM2 metadata daemon socket.
[   15.659480] systemd[1]: Starting Monitoring of LVM2 mirrors, snapshots etc. using dmeventd or progress polling...
[   15.660339] EXT4-fs (sda1): re-mounted. Opts: (null)
         Starting Monitoring of LVM2 mirrorsâ€¦ng dmeventd or progress polling...
[   15.720349] systemd[1]: Starting Set the console keyboard layout...
         Starting Set the console keyboard layout...
[   15.758517] systemd[1]: Listening on LVM2 poll daemon socket.
[[0;32m  OK  [0m] Listening on LVM2 poll daemon socket.
[   15.773925] systemd[1]: Starting udev Coldplug all Devices...
         Starting udev Coldplug all Devices...
[   15.809059] systemd[1]: Starting Uncomplicated firewall...
         Starting Uncomplicated firewall...
[   15.839469] systemd[1]: Starting Create list of required static device nodes for the current kernel...
         Starting Create list of required stâ€¦ce nodes for the current kernel...
[   15.859274] systemd[1]: Starting Journal Service...
         Starting Journal Service...
[[0;32m  OK  [0m] Started Load Kernel Modules.
[[0;32m  OK  [0m] Started Remount Root and Kernel File Systems.
[[0;32m  OK  [0m] Started Journal Service.
[[0;32m  OK  [0m] Mounted Kernel Debug File System.
[[0;32m  OK  [0m] Mounted Huge Pages File System.
[[0;32m  OK  [0m] Mounted POSIX Message Queue File System.
[[0;32m  OK  [0m] Started Set the console keyboard layout.
[[0;32m  OK  [0m] Started Uncomplicated firewall.
[[0;32m  OK  [0m] Started Create list of required staâ€¦vice nodes for the current kernel.
[[0;32m  OK  [0m] Started udev Coldplug all Devices.
[[0;32m  OK  [0m] Started LVM2 metadata daemon.
         Starting Create Static Device Nodes in /dev...
         Starting Load/Save Random Seed...
         [   16.126173] random: crng init done
Starting Initial[   16.377494] random: 7 urandom warning(s) missed due to ratelimiting
 cloud-init job (pre-networking)...
         Starting Flush Journal to Persistent Storage...
         Mounting Kernel Configuration File System...
         Mounting FUSE Control File System...
         Starting Apply Kernel Variables...
[[0;32m  OK  [0m] Started Monitoring of LVM2 mirrors,â€¦sing dmeventd or progress polling.
[[0;32m  OK  [0m] Started Create Static Device Nodes in /dev.
[[0;32m  OK  [0m] Started Load/Save Random Seed.
[[0;32m  OK  [0m] Mounted Kernel Configuration File System.
[[0;32m  OK  [0m] Mounted FUSE Control File System.
         Starting udev Kernel Device Manager...
[[0;32m  OK  [0m] Reached target Local File Systems (Pre).
[[0;32m  OK  [0m] Reached target Local File Systems.
         Starting Commit a transient machine-id on disk...
         Starting AppArmor initialization...
         Starting ebtables ruleset management...
         Starting Tell Plymouth To Write Out Runtime Data...
         Starting Set console font and keymap...
[[0;32m  OK  [0m] Started udev Kernel Device Manager.
[[0;32m  OK  [0m] Started Apply Kernel Variables.
[[0;32m  OK  [0m] Started Tell Plymouth To Write Out Runtime Data.
[[0;32m  OK  [0m] Started Commit a transient machine-id on disk.
[[0;32m  OK  [0m] Started Set console font and keymap.
[[0;32m  OK  [0m] Found device /dev/ttyS0.
[[0;32m  OK  [0m] Started Flush Journal to Persistent Storage.
[[0;32m  OK  [0m] Started ebtables ruleset management.
         Starting Create Volatile Files and Directories...
[[0;32m  OK  [0m] Started Dispatch Password Requests to Console Directory Watch.
[[0;32m  OK  [0m] Reached target Local Encrypted Volumes.
[[0;32m  OK  [0m] Started Create Volatile Files and Directories.
         Starting Update UTMP about System Boot/Shutdown...
[[0;32m  OK  [0m] Listening on Load/Save RF Kill Switch Status /dev/rfkill Watch.
[[0;32m  OK  [0m] Started Update UTMP about System Boot/Shutdown.
[   17.803530] cloud-init[422]: Cloud-init v. 18.4-0ubuntu1~18.04.1 running 'init-local' at Sun, 18 Nov 2018 01:09:06 +0000. Up 17.32 seconds.
[[0;32m  OK  [0m] Started Initial cloud-init job (pre-networking).
[[0;32m  OK  [0m] Reached target Network (Pre).
         Starting Network Service...
[[0;32m  OK  [0m] Started AppArmor initialization.
[[0;32m  OK  [0m] Started Network Service.
         Starting Wait for Network to be Configured...
         Starting Network Name Resolution...
[[0;32m  OK  [0m] Started Network Name Resolution.
[[0;32m  OK  [0m] Reached target Host and Network Name Lookups.
[[0;32m  OK  [0m] Reached target Network.
[[0;32m  OK  [0m] Started Wait for Network to be Configured.
         Starting Initial cloud-init job (metadata service crawler)...
[   20.260811] cloud-init[647]: Cloud-init v. 18.4-0ubuntu1~18.04.1 running 'init' at Sun, 18 Nov 2018 01:09:09 +0000. Up 19.44 seconds.
[[0;32m  OK  [0m] Started Initial cloud-init job (metadata service crawler).
[   20.342878] cloud-init[647]: ci-info: ++++++++++++++++++++++++++++++++++++++Net device info+++++++++++++++++++++++++++++++++++++++
[   20.354325] cloud-init[647]: ci-info: +--------+-------+----------------------------+---------------+--------+-------------------+
[[   20.388273] cloud-init[647]: ci-info: | Device |   Up  |          Address           |      Mask     | Scope  |     Hw-Address    |
[   20.388592] cloud-init[647]: ci-info: +--------+-------+----------------------------+---------------+--------+-------------------+
[0;32m  OK  [0m] Reached target Cloud-config availability.
[[   20.388987] cloud-init[647]: ci-info: | enp0s3 |  True |         10.0.2.15          | 255.255.255.0 | global | 02:c4:4c:50:3a:be |
[   20.415465] cloud-init[647]: ci-info: | enp0s3 |  True | fe80::c4:4cff:fe50:3abe/64 |       .       |  link  | 02:c4:4c:50:3a:be |
[   20.416093] cloud-init[647]: ci-info: | enp0s8 | False |             .              |       .       |   .    | 08:00:27:b9:ed:68 |
[   20.416685] cloud-init[647]: ci-info: |   lo   |  True |         127.0.0.1          |   255.0.0.0   |  host  |         .         |
[0;32m  OK  [0m] Reached target Network is Online.
[   20.417362] cloud-init[647]: ci-info: |   lo   |  True |          ::1/128           |       .       |  host  |         .         |
[[   20.440781] cloud-init[647]: ci-info: +--------+-------+----------------------------+---------------+--------+-------------------+
[   20.440896] cloud-init[647]: ci-info: ++++++++++++++++++++++++++++Route IPv4 info+++++++++++++++++++++++++++++
[   20.441139] cloud-init[647]: ci-info: +-------+-------------+----------+-----------------+-----------+-------+
[   20.441392] cloud-init[647]: ci-info: | Route | Destination | Gateway  |     Genmask     | Interface | Flags |
[   20.441646] cloud-init[647]: ci-info: +-------+-------------+----------+-----------------+-----------+-------+
[   20.441958] cloud-init[647]: ci-info: |   0   |   0.0.0.0   | 10.0.2.2 |     0.0.0.0     |   enp0s3  |   UG  |
[   20.442333] cloud-init[647]: ci-info: |   1   |   10.0.2.0  | 0.0.0.0  |  255.255.255.0  |   enp0s3  |   U   |
[   20.442577] cloud-init[647]: ci-info: |   2   |   10.0.2.2  | 0.0.0.0  | 255.255.255.255 |   enp0s3  |   UH  |
[   20.442968] cloud-init[647]: ci-info: +-------+-------------+----------+-----------------+-----------+-------+
[   20.443344] cloud-init[647]: ci-info: +++++++++++++++++++Route IPv6 info+++++++++++++++++++
[   20.443736] cloud-init[647]: ci-info: +-------+-------------+---------+-----------+-------+
[   20.444363] cloud-init[647]: ci-info: | Route | Destination | Gateway | Interface | Flags |
[   20.444710] cloud-init[647]: ci-info: +-------+-------------+---------+-----------+-------+
[   20.445158] cloud-init[647]: ci-info: |   1   |  fe80::/64  |    ::   |   enp0s3  |   U   |
[   20.445493] cloud-init[647]: ci-info: |   3   |    local    |    ::   |   enp0s3  |   U   |
[   20.445923] cloud-init[647]: ci-info: |   4   |   ff00::/8  |    ::   |   enp0s3  |   U   |
[   20.446307] cloud-init[647]: ci-info: +-------+-------------+---------+-----------+-------+
[0;32m  OK  [0m] Reached target Remote File Systems (Pre).
[[   20.446550] cloud-init[647]: Generating public/private rsa key pair.
[   20.476910] cloud-init[647]: Your identification has been saved in /etc/ssh/ssh_host_rsa_key.
[   20.477124] cloud-init[647]: Your public key has been saved in /etc/ssh/ssh_host_rsa_key.pub.
[   20.477344] cloud-init[647]: The key fingerprint is:
[   20.477594] cloud-init[647]: SHA256:LSibQF+4lez6eDtuWdFE9Z0tLDZBoPmOy5+EJnSHeLo root@ubuntu-bionic
[   20.477826] cloud-init[647]: The key's randomart image is:
[   20.478091] cloud-init[647]: +---[RSA 2048]----+
[   20.478316] cloud-init[647]: |         .o++    |
[   20.478548] cloud-init[647]: |     o . o.  + .o|
[   20.478774] cloud-init[647]: |  . . = oo  + +.o|
[   20.478997] cloud-init[647]: | . . = o.+.. o . |
[   20.479220] cloud-init[647]: |  . + = S.+      |
[   20.479451] cloud-init[647]: |   . * +.*       |
[   20.479676] cloud-init[647]: |    + oo+ o      |
[   20.479900] cloud-init[647]: |     o== o .     |
[   20.480264] cloud-init[647]: |    .+Eoo.o      |
[   20.480469] cloud-init[647]: +----[SHA256]-----+
[0;32m  OK  [0m] Reached target Remote File Systems.
[   20.480598] cloud-init[647]: Generating public/private dsa key pair.
[   20.487979] cloud-init[647]: Your identification has been saved in /etc/ssh/ssh_host_dsa_key.
[   20.488867] cloud-init[647]: Your public key has been saved in /etc/ssh/ssh_host_dsa_key.pub.
[   20.489687] cloud-init[647]: The key fingerprint is:
[   20.490222] cloud-init[647]: SHA256:I6/hF1K7Zq23500bWVskiaoqCrYfTbXNntA3BWSZ+hA root@ubuntu-bionic
[   20.491181] cloud-init[647]: The key's randomart image is:
[   20.491789] cloud-init[647]: +---[DSA 1024]----+
[   20.492356] cloud-init[647]: |          .+o    |
         Starting Availability of block devices...
[[0;32m  OK  [0m] Reached target System Initialization.
[[0;32m  OK  [0m] Started Message of the Day.
[[0;32m  OK  [0m[   20.494737] cloud-init[647]: |         E.o.. . |
[   20.507433] cloud-init[647]: |       .  o ..o .|
] Listening on ACPID Listen Socket.
[   20.507554] cloud-init[647]: |      . *o ..  o |
[   20.511857] cloud-init[647]: |     ..+S=+o    o|
[   20.511977] cloud-init[647]: |    o .o=oo..  oo|
[   20.512318] cloud-init[647]: |.. . ...o*    +. |
[   20.512631] cloud-init[647]: |... o. += o .o o |
[   20.512971] cloud-init[647]: | .oo .++.o.+. o  |
[   20.513295] cloud-init[647]: +----[SHA256]-----+
[   20.513668] cloud-init[647]: Generating public/private ecdsa key pair.
[   20.513984] cloud-init[647]: Your identification has been saved in /etc/ssh/ssh_host_ecdsa_key.
[   20.514300] cloud-init[647]: Your public key has been saved in /etc/ssh/ssh_host_ecdsa_key.pub.
[   20.514614] cloud-init[647]: The key fingerprint is:
[   20.514957] cloud-init[647]: SHA256:OTRwz4rAGzpWHpPV7ts32i5jpkqfgXx6L05tLkM7VYY root@ubuntu-bionic
[   20.515280] cloud-init[647]: The key's randomart image is:
[   20.515607] cloud-init[647]: +---[ECDSA 256]---+
[   20.515919] cloud-init[647]: |      o..        |
[   20.516271] cloud-init[647]: |   . o o.o       |
[   20.516578] cloud-init[647]: |    O  .o o.     |
[   20.516888] cloud-init[647]: |   + * o.+E o    |
[   20.517216] cloud-init[647]: |  + o ..S  o     |
[   20.517530] cloud-init[647]: | . . . .oo.      |
[   20.517859] cloud-init[647]: |      +.+=o      |
[   20.518169] cloud-init[647]: |     . =O=*.o    |
[   20.518487] cloud-init[647]: |      o+=X+*o.   |
[   20.518810] cloud-init[647]: +----[SHA256]-----+
[   20.519125] cloud-init[647]: Generating public/private ed25519 key pair.
[   20.519443] cloud-init[647]: Your identification has been saved in /etc/ssh/ssh_host_ed25519_key.
[   20.519771] cloud-init[647]: Your public key has been saved in /etc/ssh/ssh_host_ed25519_key.pub.
[   20.520420] cloud-init[647]: The key fingerprint is:
[   20.521002] cloud-init[647]: SHA256:AXGswoOBwmHJozThtK4uP3aV+x6BWRz71KUjgconyW8 root@ubuntu-bionic
[   20.521210] cloud-init[647]: The key's randomart image is:
[   20.521514] cloud-init[647]: +--[ED25519 256]--+
[   20.521780] cloud-init[647]: |o*+   ooo..   .  |
[   20.522013] cloud-init[647]: |*Bo    +oo o o   |
[   20.522251] cloud-init[647]: |+oo+ o += o +    |
[   20.522481] cloud-init[647]: |o . + B+.+ . .   |
[   20.522710] cloud-init[647]: | .   oo=S .      |
[   20.522933] cloud-init[647]: |.     o E.       |
[   20.523161] cloud-init[647]: |.    . o.        |
[   20.523390] cloud-init[647]: |o o . .  .       |
[   20.523616] cloud-init[647]: |.+.o   oo        |
[   20.523842] cloud-init[647]: +----[SHA256]-----+
[[0;32m  OK  [0m] Started Discard unused blocks once a week.
[[0;32m  OK  [0m] Listening on D-Bus System Message Bus Socket.
         Starting Socket activation for snappy daemon.
[[0;32m  OK  [0m] Listening on UUID daemon activation socket.
[[0;32m  OK  [0m] Started Daily apt download activities.
[[0;32m  OK  [0m] Started Daily apt upgrade and clean activities.
         Starting LXD - unix socket.
[[0;32m  OK  [0m] Listening on Open-iSCSI iscsid Socket.
[[0;32m  OK  [0m] Started Daily Cleanup of Temporary Directories.
[[0;32m  OK  [0m] Reached target Timers.
[[0;32m  OK  [0m] Started ACPI Events Check.
[[0;32m  OK  [0m] Reached target Paths.
[[0;32m  OK  [0m] Started Availability of block devices.
[[0;32m  OK  [0m] Listening on Socket activation for snappy daemon.
[[0;32m  OK  [0m] Listening on LXD - unix socket.
[[0;32m  OK  [0m] Reached target Sockets.
[[0;32m  OK  [0m] Reached target Basic System.
         Starting Virtualbox guest utils...
         Starting Pollinate to seed the pseudo random number generator...
         Starting Login Service...
[[0;32m  OK  [0m] Started Deferred execution scheduler.
         Starting LSB: Record successful boot for GRUB...
[[0;32m  OK  [0m] Started Regular background program processing daemon.
         Starting Dispatcher daemon for systemd-networkd...
         Starting LXD - container startup/shutdown...
         Starting Accounts Service...
[[0;32m  OK  [0m] Started irqbalance daemon.
         Starting Permit User Sessions...
[[0;32m  OK  [0m] Started D-Bus System Message Bus.
[[0;32m  OK  [0m] Started Login Service.
[[0;32m  OK  [0m] Started Unattended Upgrades Shutdown.
         Starting LSB: automatic crash report generation...
         Starting System Logging Service...
         Starting Snappy daemon...
[[0;32m  OK  [0m] Started FUSE filesystem for LXC.
[[0;32m  OK  [0m] Started Dispatcher daemon for systemd-networkd.
[[0;32m  OK  [0m] Started System Logging Service.
[[0;32m  OK  [0m] Started LXD - container startup/shutdown.
[[0;32m  OK  [0m] Started Permit User Sessions.
         Starting Authorization Manager...
         Starting Terminate Plymouth Boot Screen...
         Starting Hold until boot process finishes up...
[[0;32m  OK  [0m] Started LSB: automatic crash report generation.
[[0;32m  OK  [0m] Started Terminate Plymouth Boot Screen.
[[0;32m  OK  [0m] Started Virtualbox guest utils.
[[0;32m  OK  [0m] Started Snappy daemon.
[[0;32m  OK  [0m] Started Pollinate to seed the pseudo random number generator.
[[0;32m  OK  [0m] Started LSB: Record successful boot for GRUB.
[[0;32m  OK  [0m] Started Hold until boot process finishes up.
[[0;32m  OK  [0m] Started Authorization Manager.
[[0;32m  OK  [0m] Started Accounts Service.
         Starting Set console scheme...
[[0;32m  OK  [0m] Started Serial Getty on ttyS0.
         Starting OpenBSD Secure Shell server...
         Starting Wait until snapd is fully seeded...
[[0;32m  OK  [0m] Started Set console scheme.
[[0;32m  OK  [0m] Created slice system-getty.slice.
[[0;32m  OK  [0m] Started Getty on tty1.
[[0;32m  OK  [0m] Reached target Login Prompts.
[[0;32m  OK  [0m] Started OpenBSD Secure Shell server.
[[0;32m  OK  [0m] Started Wait until snapd is fully seeded.
         Starting Apply the settings specified in cloud-config...
[[0;32m  OK  [0m] Reached target Multi-User System.
[[0;32m  OK  [0m] Reached target Graphical Interface.
         Starting Update UTMP about System Runlevel Changes...
[[0;32m  OK  [0m] Started Update UTMP about System Runlevel Changes.
[   23.184985] cloud-init[1183]: Cloud-init v. 18.4-0ubuntu1~18.04.1 running 'modules:config' at Sun, 18 Nov 2018 01:09:12 +0000. Up 22.86 seconds.
[[0;32m  OK  [0m] Started Apply the settings specified in cloud-config.
         Starting Execute cloud user/final scripts...
ci-info: no authorized ssh keys fingerprints found for user ubuntu.
<14>Nov 18 01:09:13 ec2: 
<14>Nov 18 01:09:13 ec2: #############################################################
<14>Nov 18 01:09:13 ec2: -----BEGIN SSH HOST KEY FINGERPRINTS-----
<14>Nov 18 01:09:13 ec2: 1024 SHA256:I6/hF1K7Zq23500bWVskiaoqCrYfTbXNntA3BWSZ+hA root@ubuntu-bionic (DSA)
<14>Nov 18 01:09:13 ec2: 256 SHA256:OTRwz4rAGzpWHpPV7ts32i5jpkqfgXx6L05tLkM7VYY root@ubuntu-bionic (ECDSA)
<14>Nov 18 01:09:13 ec2: 256 SHA256:AXGswoOBwmHJozThtK4uP3aV+x6BWRz71KUjgconyW8 root@ubuntu-bionic (ED25519)
<14>Nov 18 01:09:13 ec2: 2048 SHA256:LSibQF+4lez6eDtuWdFE9Z0tLDZBoPmOy5+EJnSHeLo root@ubuntu-bionic (RSA)
<14>Nov 18 01:09:13 ec2: -----END SSH HOST KEY FINGERPRINTS-----
<14>Nov 18 01:09:13 ec2: #############################################################
-----BEGIN SSH HOST KEY KEYS-----
ecdsa-sha2-nistp256 AAAAE2VjZHNhLXNoYTItbmlzdHAyNTYAAAAIbmlzdHAyNTYAAABBBLBIzNHRUw/Aiqfj7ANF45V2xsItH6nGu4sJlhqyEXSBb+CABGOdD7ibHuDj6Dsjk9vXB4J9pRpXFYos34wKGf8= root@ubuntu-bionic
ssh-ed25519 AAAAC3NzaC1lZDI1NTE5AAAAIDZSJL5NXx9KzyFj8t/MSnS9zNYOMHb9fAxS2Dokd1xd root@ubuntu-bionic
ssh-rsa AAAAB3NzaC1yc2EAAAADAQABAAABAQCmqDm1mlhv6qkZlBPLDDj9Sm6hFGWpi7Q8zKjvbeHh7MaLOXqJEQ68PvMI3DvzN9m2uS+MsipxznbMNjHR1gAWbtKU54uw4wk0UZ8/0/dqXHOCZ9fIHUTWXTEtcOK4PM3Z8NPiQokeiyuXNx4ZTQ6FjaavWfj3shSueJhp5+OMK92u5/z3WeuoKPDQK2PxFvzf02JiUT9NQ9DdMQgzG5N4qxdSOoDp7EMpe11LO9PyzKYsLIgdlBZ5lvtIdoQ33yhvY9beOX52tQ3vH6nQzYRZ6LOPTiwViiqsZUzlNYYT4LQviFYPFuRkwLbo+SJUl3BmE/vXGEJVFxRgFTl3FNlb root@ubuntu-bionic
-----END SSH HOST KEY KEYS-----
[   23.851522] cloud-init[1252]: Cloud-init v. 18.4-0ubuntu1~18.04.1 running 'modules:final' at Sun, 18 Nov 2018 01:09:13 +0000. Up 23.56 seconds.
[[0;32m  OK  [0m[   23.908315] cloud-init[1252]: ci-info: no authorized ssh keys fingerprints found for user ubuntu.
[   23.908572] cloud-init[1252]: Cloud-init v. 18.4-0ubuntu1~18.04.1 finished at Sun, 18 Nov 2018 01:09:13 +0000. Datasource DataSourceNoCloud [seed=/dev/sdb][dsmode=net].  Up 23.84 seconds
] Started Execute cloud user/final scripts.
[[0;32m  OK  [0m] Reached target Cloud-init target.

Ubuntu 18.04.1 LTS ubuntu-bionic ttyS0

ubuntu-bionic login: 